--------------------------------------------------------------------------------------
Timing Analyzer Summary
--------------------------------------------------------------------------------------

Type           : Worst-case tco
Slack          : N/A
Required Time  : None
Actual Time    : 16.558 ns
From           : display_vhd:module_vga|vga:vga_driver0|o_pixel_row[1]
To             : VGA_B[5]
From Clock     : CLOCK_50
To Clock       : --
Failed Paths   : 0

Type           : Clock Setup: 'CLOCK_50'
Slack          : N/A
Required Time  : None
Actual Time    : 239.29 MHz ( period = 4.179 ns )
From           : display_vhd:module_vga|vga:vga_driver0|h_count[8]
To             : display_vhd:module_vga|vga:vga_driver0|v_count[9]
From Clock     : CLOCK_50
To Clock       : CLOCK_50
Failed Paths   : 0

Type           : Total number of failed paths
Slack          : 
Required Time  : 
Actual Time    : 
From           : 
To             : 
From Clock     : 
To Clock       : 
Failed Paths   : 0

--------------------------------------------------------------------------------------

