Flow report for top_level_vhd
Fri Nov 30 10:32:37 2018
Quartus II Version 9.1 Build 222 10/21/2009 SJ Web Edition


---------------------
; Table of Contents ;
---------------------
  1. Legal Notice
  2. Flow Summary
  3. Flow Settings
  4. Flow Non-Default Global Settings
  5. Flow Elapsed Time
  6. Flow OS Summary
  7. Flow Log



----------------
; Legal Notice ;
----------------
Copyright (C) 1991-2009 Altera Corporation
Your use of Altera Corporation's design tools, logic functions 
and other software and tools, and its AMPP partner logic 
functions, and any output files from any of the foregoing 
(including device programming or simulation files), and any 
associated documentation or information are expressly subject 
to the terms and conditions of the Altera Program License 
Subscription Agreement, Altera MegaCore Function License 
Agreement, or other applicable license agreement, including, 
without limitation, that your use is for the sole purpose of 
programming logic devices manufactured by Altera and sold by 
Altera or its authorized distributors.  Please refer to the 
applicable agreement for further details.



+------------------------------------------------------------------------------+
; Flow Summary                                                                 ;
+------------------------------------+-----------------------------------------+
; Flow Status                        ; Successful - Fri Nov 30 10:32:36 2018   ;
; Quartus II Version                 ; 9.1 Build 222 10/21/2009 SJ Web Edition ;
; Revision Name                      ; top_level_vhd                           ;
; Top-level Entity Name              ; top_level_vhd                           ;
; Family                             ; Cyclone II                              ;
; Device                             ; EP2C20F484C7                            ;
; Timing Models                      ; Final                                   ;
; Met timing requirements            ; Yes                                     ;
; Total logic elements               ; 1,613 / 18,752 ( 9 % )                  ;
;     Total combinational functions  ; 1,613 / 18,752 ( 9 % )                  ;
;     Dedicated logic registers      ; 315 / 18,752 ( 2 % )                    ;
; Total registers                    ; 315                                     ;
; Total pins                         ; 89 / 315 ( 28 % )                       ;
; Total virtual pins                 ; 0                                       ;
; Total memory bits                  ; 0 / 239,616 ( 0 % )                     ;
; Embedded Multiplier 9-bit elements ; 0 / 52 ( 0 % )                          ;
; Total PLLs                         ; 0 / 4 ( 0 % )                           ;
+------------------------------------+-----------------------------------------+


+-----------------------------------------+
; Flow Settings                           ;
+-------------------+---------------------+
; Option            ; Setting             ;
+-------------------+---------------------+
; Start date & time ; 11/30/2018 10:32:17 ;
; Main task         ; Compilation         ;
; Revision Name     ; top_level_vhd       ;
+-------------------+---------------------+


+-------------------------------------------------------------------------------------------------------------------------------------------------------------+
; Flow Non-Default Global Settings                                                                                                                            ;
+------------------------------------+-------------------------------------------------------------------------+---------------+-------------+----------------+
; Assignment Name                    ; Value                                                                   ; Default Value ; Entity Name ; Section Id     ;
+------------------------------------+-------------------------------------------------------------------------+---------------+-------------+----------------+
; COMPILER_SIGNATURE_ID              ; 49467848325723.154354873607896                                          ; --            ; --          ; --             ;
; MAX_CORE_JUNCTION_TEMP             ; 85                                                                      ; --            ; --          ; --             ;
; MIN_CORE_JUNCTION_TEMP             ; 0                                                                       ; --            ; --          ; --             ;
; MISC_FILE                          ; D:/Praktikum SisDig/kelompok 3/display/top_level_vhd.dpf                ; --            ; --          ; --             ;
; MISC_FILE                          ; D:/PraktikumSisDig/kel wilfrid/display_DE1/top_level_vhd.dpf            ; --            ; --          ; --             ;
; MISC_FILE                          ; D:/PraktikumSisDig/kel wilfrid/PERCOBAAN2/top_level_vhd.dpf             ; --            ; --          ; --             ;
; MISC_FILE                          ; C:/Users/wilfrid/Desktop/Tugas Besar Prak SISDIG v1.1/top_level_vhd.dpf ; --            ; --          ; --             ;
; MISC_FILE                          ; E:/Tugas Besar Prak SISDIG v1.5/top_level_vhd.dpf                       ; --            ; --          ; --             ;
; MISC_FILE                          ; C:/Users/wilfrid/Desktop/Tugas Besar Prak SISDIG v1.9/top_level_vhd.dpf ; --            ; --          ; --             ;
; PARTITION_COLOR                    ; 16764057                                                                ; --            ; --          ; Top            ;
; PARTITION_NETLIST_TYPE             ; SOURCE                                                                  ; --            ; --          ; Top            ;
; USE_GENERATED_PHYSICAL_CONSTRAINTS ; Off                                                                     ; --            ; --          ; eda_blast_fpga ;
+------------------------------------+-------------------------------------------------------------------------+---------------+-------------+----------------+


+-----------------------------------------------------------------------------------------------------------------------------+
; Flow Elapsed Time                                                                                                           ;
+-------------------------+--------------+-------------------------+---------------------+------------------------------------+
; Module Name             ; Elapsed Time ; Average Processors Used ; Peak Virtual Memory ; Total CPU Time (on all processors) ;
+-------------------------+--------------+-------------------------+---------------------+------------------------------------+
; Analysis & Synthesis    ; 00:00:09     ; 1.0                     ; 279 MB              ; 00:00:09                           ;
; Fitter                  ; 00:00:05     ; 1.0                     ; 306 MB              ; 00:00:06                           ;
; Assembler               ; 00:00:01     ; 1.0                     ; 265 MB              ; 00:00:01                           ;
; Classic Timing Analyzer ; 00:00:01     ; 1.0                     ; 209 MB              ; 00:00:01                           ;
; Total                   ; 00:00:16     ; --                      ; --                  ; 00:00:17                           ;
+-------------------------+--------------+-------------------------+---------------------+------------------------------------+


+------------------------------------------------------------------------------------------+
; Flow OS Summary                                                                          ;
+-------------------------+------------------+---------------+------------+----------------+
; Module Name             ; Machine Hostname ; OS Name       ; OS Version ; Processor type ;
+-------------------------+------------------+---------------+------------+----------------+
; Analysis & Synthesis    ; ARDIAN194        ; Windows Vista ; 6.2        ; x86_64         ;
; Fitter                  ; ARDIAN194        ; Windows Vista ; 6.2        ; x86_64         ;
; Assembler               ; ARDIAN194        ; Windows Vista ; 6.2        ; x86_64         ;
; Classic Timing Analyzer ; ARDIAN194        ; Windows Vista ; 6.2        ; x86_64         ;
+-------------------------+------------------+---------------+------------+----------------+


------------
; Flow Log ;
------------
quartus_map --read_settings_files=on --write_settings_files=off top_level_vhd -c top_level_vhd
quartus_fit --read_settings_files=off --write_settings_files=off top_level_vhd -c top_level_vhd
quartus_asm --read_settings_files=off --write_settings_files=off top_level_vhd -c top_level_vhd
quartus_tan --read_settings_files=off --write_settings_files=off top_level_vhd -c top_level_vhd --timing_analysis_only



